// Jest Snapshot v1, https://goo.gl/fbAQLP

exports[` renders 1`] = `
<div>
  <button
    class="Button"
  >
    <div>
      Default
    </div>
  </button>
</div>
`;
