// Jest Snapshot v1, https://goo.gl/fbAQLP

exports[`Home Page renders 1`] = `
<div>
  <label
    class="CheckBoxContainer"
  >
    <div
      class="CheckBox"
    >
      <input
        class="Input"
        type="checkbox"
      />
      <svg
        class="isChecked"
        fill="currentColor"
        height="1em"
        stroke="currentColor"
        stroke-width="0"
        viewBox="0 0 16 16"
        width="1em"
        xmlns="http://www.w3.org/2000/svg"
      >
        <path
          d="M13.485 1.431a1.473 1.473 0 0 1 2.104 2.062l-7.84 9.801a1.473 1.473 0 0 1-2.12.04L.431 8.138a1.473 1.473 0 0 1 2.084-2.083l4.111 4.112 6.82-8.69a.486.486 0 0 1 .04-.045z"
        />
      </svg>
    </div>
  </label>
</div>
`;
